14:19:02 **** Incremental Build of configuration Debug for project Interfacing_MPU6050 ****
make -j16 all 
arm-none-eabi-size  Interfacing_MPU6050.elf 
   text	   data	    bss	    dec	    hex	filename
  32748	    468	   2180	  35396	   8a44	Interfacing_MPU6050.elf
Finished building: default.size.stdout
 
14:19:08 **** Incremental Build of configuration Debug for project Interfacing_MPU6050 ****
make -j16 all 
arm-none-eabi-size  Interfacing_MPU6050.elf 
   text	   data	    bss	    dec	    hex	filename
  32748	    468	   2180	  35396	   8a44	Interfacing_MPU6050.elf
Finished building: default.size.stdout
 
14:19:44 **** Incremental Build of configuration Debug for project Interfacing_MPU6050 ****
make -j16 all 
arm-none-eabi-size  Interfacing_MPU6050.elf 
   text	   data	    bss	    dec	    hex	filename
  32748	    468	   2180	  35396	   8a44	Interfacing_MPU6050.elf
Finished building: default.size.stdout
 
14:50:03 **** Incremental Build of configuration Debug for project Interfacing_MPU6050 ****
make -j16 all 
arm-none-eabi-size  Interfacing_MPU6050.elf 
   text	   data	    bss	    dec	    hex	filename
  32748	    468	   2180	  35396	   8a44	Interfacing_MPU6050.elf
Finished building: default.size.stdout
 
