16:02:13 **** Incremental Build of configuration Debug for project UART_First ****
make -j16 all 
arm-none-eabi-gcc "../Core/Src/main.c" -mcpu=cortex-m4 -std=gnu11 -g3 -DDEBUG -DUSE_HAL_DRIVER -DSTM32L4S5xx -c -I../Core/Inc -I../Drivers/STM32L4xx_HAL_Driver/Inc -I../Drivers/STM32L4xx_HAL_Driver/Inc/Legacy -I../Drivers/CMSIS/Device/ST/STM32L4xx/Include -I../Drivers/CMSIS/Include -O0 -ffunction-sections -fdata-sections -Wall -fstack-usage -fcyclomatic-complexity -MMD -MP -MF"Core/Src/main.d" -MT"Core/Src/main.o" --specs=nano.specs -mfpu=fpv4-sp-d16 -mfloat-abi=hard -mthumb -o "Core/Src/main.o"
../Core/Src/main.c: In function '_write':
../Core/Src/main.c:230:1: warning: implicit declaration of function 'DELAY' [-Wimplicit-function-declaration]
  230 | DELAY(500);
      | ^~~~~
arm-none-eabi-gcc -o "UART_First.elf" @"objects.list"   -mcpu=cortex-m4 -T"D:\TinyML_GJ\TinyML_Workshop\STM32\UART_First\STM32L4S5VITX_FLASH.ld" --specs=nosys.specs -Wl,-Map="UART_First.map" -Wl,--gc-sections -static --specs=nano.specs -mfpu=fpv4-sp-d16 -mfloat-abi=hard -mthumb -Wl,--start-group -lc -lm -Wl,--end-group
Finished building target: UART_First.elf
 
arm-none-eabi-size  UART_First.elf 
arm-none-eabi-objdump -h -S UART_First.elf  > "UART_First.list"
   text	   data	    bss	    dec	    hex	filename
  18180	    104	   2056	  20340	   4f74	UART_First.elf
Finished building: default.size.stdout
 
Finished building: UART_First.list
 
16:02:21 **** Incremental Build of configuration Debug for project UART_First ****
make -j16 all 
arm-none-eabi-size  UART_First.elf 
   text	   data	    bss	    dec	    hex	filename
  18180	    104	   2056	  20340	   4f74	UART_First.elf
Finished building: default.size.stdout
 
16:04:57 **** Incremental Build of configuration Debug for project UART_First ****
make -j16 all 
arm-none-eabi-size  UART_First.elf 
   text	   data	    bss	    dec	    hex	filename
  18180	    104	   2056	  20340	   4f74	UART_First.elf
Finished building: default.size.stdout
 
16:08:45 **** Incremental Build of configuration Debug for project UART_First ****
make -j16 all 
arm-none-eabi-size  UART_First.elf 
   text	   data	    bss	    dec	    hex	filename
  18180	    104	   2056	  20340	   4f74	UART_First.elf
Finished building: default.size.stdout
 
