Archive member included to satisfy reference by file (symbol)

../Middlewares/ST/AI/Lib\NetworkRuntime1020_CM4_GCC.a(ai_platform.o)
                              ./X-CUBE-AI/App/network.o (ai_buffer_array_item_set_address)
../Middlewares/ST/AI/Lib\NetworkRuntime1020_CM4_GCC.a(ai_platform_interface.o)
                              ./X-CUBE-AI/App/network.o (ai_platform_get_weights_map)
../Middlewares/ST/AI/Lib\NetworkRuntime1020_CM4_GCC.a(core_common.o)
                              ../Middlewares/ST/AI/Lib\NetworkRuntime1020_CM4_GCC.a(ai_platform_interface.o) (core_init)
../Middlewares/ST/AI/Lib\NetworkRuntime1020_CM4_GCC.a(core_mem_manager.o)
                              ../Middlewares/ST/AI/Lib\NetworkRuntime1020_CM4_GCC.a(ai_platform_interface.o) (core_mem_alloc)
../Middlewares/ST/AI/Lib\NetworkRuntime1020_CM4_GCC.a(layers.o)
                              ../Middlewares/ST/AI/Lib\NetworkRuntime1020_CM4_GCC.a(ai_platform_interface.o) (ai_check_custom_types)
../Middlewares/ST/AI/Lib\NetworkRuntime1020_CM4_GCC.a(layers_ml_generic_float.o)
                              ./X-CUBE-AI/App/network.o (forward_zipmap)
../Middlewares/ST/AI/Lib\NetworkRuntime1020_CM4_GCC.a(layers_ml_treeensembleclassifier_float.o)
                              ./X-CUBE-AI/App/network.o (forward_tree_ensemble_classifier)
../Middlewares/ST/AI/Lib\NetworkRuntime1020_CM4_GCC.a(layers_conv2d_integer_scratch.o)
                              ../Middlewares/ST/AI/Lib\NetworkRuntime1020_CM4_GCC.a(layers.o) (get_dense_scratch_size_s8)
../Middlewares/ST/AI/Lib\NetworkRuntime1020_CM4_GCC.a(st_int8_fill.o)
                              ../Middlewares/ST/AI/Lib\NetworkRuntime1020_CM4_GCC.a(ai_platform_interface.o) (st_int8_copy)
../Middlewares/ST/AI/Lib\NetworkRuntime1020_CM4_GCC.a(ai_datatypes_format.o)
                              ../Middlewares/ST/AI/Lib\NetworkRuntime1020_CM4_GCC.a(ai_platform_interface.o) (ai_array_to_buffer_fmt)
../Middlewares/ST/AI/Lib\NetworkRuntime1020_CM4_GCC.a(ai_datatypes_internal.o)
                              ../Middlewares/ST/AI/Lib\NetworkRuntime1020_CM4_GCC.a(ai_platform_interface.o) (ai_version_get)
C:/ST/STM32CubeIDE_1.19.0/STM32CubeIDE/plugins/com.st.stm32cube.ide.mcu.externaltools.gnu-tools-for-stm32.13.3.rel1.win32_1.0.0.202411081344/tools/bin/../lib/gcc/arm-none-eabi/13.3.1/../../../../arm-none-eabi/lib/thumb/v7e-m+fp/hard\libc_nano.a(libc_a-exit.o)
                              C:/ST/STM32CubeIDE_1.19.0/STM32CubeIDE/plugins/com.st.stm32cube.ide.mcu.externaltools.gnu-tools-for-stm32.13.3.rel1.win32_1.0.0.202411081344/tools/bin/../lib/gcc/arm-none-eabi/13.3.1/../../../../arm-none-eabi/lib/thumb/v7e-m+fp/hard/crt0.o (exit)
C:/ST/STM32CubeIDE_1.19.0/STM32CubeIDE/plugins/com.st.stm32cube.ide.mcu.externaltools.gnu-tools-for-stm32.13.3.rel1.win32_1.0.0.202411081344/tools/bin/../lib/gcc/arm-none-eabi/13.3.1/../../../../arm-none-eabi/lib/thumb/v7e-m+fp/hard\libc_nano.a(libc_a-malloc.o)
                              ../Middlewares/ST/AI/Lib\NetworkRuntime1020_CM4_GCC.a(core_mem_manager.o) (malloc)
C:/ST/STM32CubeIDE_1.19.0/STM32CubeIDE/plugins/com.st.stm32cube.ide.mcu.externaltools.gnu-tools-for-stm32.13.3.rel1.win32_1.0.0.202411081344/tools/bin/../lib/gcc/arm-none-eabi/13.3.1/../../../../arm-none-eabi/lib/thumb/v7e-m+fp/hard\libc_nano.a(libc_a-mallocr.o)
                              C:/ST/STM32CubeIDE_1.19.0/STM32CubeIDE/plugins/com.st.stm32cube.ide.mcu.externaltools.gnu-tools-for-stm32.13.3.rel1.win32_1.0.0.202411081344/tools/bin/../lib/gcc/arm-none-eabi/13.3.1/../../../../arm-none-eabi/lib/thumb/v7e-m+fp/hard\libc_nano.a(libc_a-malloc.o) (_malloc_r)
C:/ST/STM32CubeIDE_1.19.0/STM32CubeIDE/plugins/com.st.stm32cube.ide.mcu.externaltools.gnu-tools-for-stm32.13.3.rel1.win32_1.0.0.202411081344/tools/bin/../lib/gcc/arm-none-eabi/13.3.1/../../../../arm-none-eabi/lib/thumb/v7e-m+fp/hard\libc_nano.a(libc_a-mlock.o)
                              C:/ST/STM32CubeIDE_1.19.0/STM32CubeIDE/plugins/com.st.stm32cube.ide.mcu.externaltools.gnu-tools-for-stm32.13.3.rel1.win32_1.0.0.202411081344/tools/bin/../lib/gcc/arm-none-eabi/13.3.1/../../../../arm-none-eabi/lib/thumb/v7e-m+fp/hard\libc_nano.a(libc_a-mallocr.o) (__malloc_lock)
C:/ST/STM32CubeIDE_1.19.0/STM32CubeIDE/plugins/com.st.stm32cube.ide.mcu.externaltools.gnu-tools-for-stm32.13.3.rel1.win32_1.0.0.202411081344/tools/bin/../lib/gcc/arm-none-eabi/13.3.1/../../../../arm-none-eabi/lib/thumb/v7e-m+fp/hard\libc_nano.a(libc_a-realloc.o)
                              ../Middlewares/ST/AI/Lib\NetworkRuntime1020_CM4_GCC.a(core_mem_manager.o) (realloc)
C:/ST/STM32CubeIDE_1.19.0/STM32CubeIDE/plugins/com.st.stm32cube.ide.mcu.externaltools.gnu-tools-for-stm32.13.3.rel1.win32_1.0.0.202411081344/tools/bin/../lib/gcc/arm-none-eabi/13.3.1/../../../../arm-none-eabi/lib/thumb/v7e-m+fp/hard\libc_nano.a(libc_a-reallocr.o)
[...]
Memory Configuration

Name             Origin             Length             Attributes
RAM              0x20000000         0x000a0000         xrw
RAM2             0x10000000         0x00010000         xrw
RAM3             0x20040000         0x00060000         xrw
FLASH            0x08000000         0x00200000         xr
*default*        0x00000000         0xffffffff

Linker script and memory map

LOAD C:/ST/STM32CubeIDE_1.19.0/STM32CubeIDE/plugins/com.st.stm32cube.ide.mcu.externaltools.gnu-tools-for-stm32.13.3.rel1.win32_1.0.0.202411081344/tools/bin/../lib/gcc/arm-none-eabi/13.3.1/thumb/v7e-m+fp/hard/crti.o
LOAD C:/ST/STM32CubeIDE_1.19.0/STM32CubeIDE/plugins/com.st.stm32cube.ide.mcu.externaltools.gnu-tools-for-stm32.13.3.rel1.win32_1.0.0.202411081344/tools/bin/../lib/gcc/arm-none-eabi/13.3.1/thumb/v7e-m+fp/hard/crtbegin.o
LOAD C:/ST/STM32CubeIDE_1.19.0/STM32CubeIDE/plugins/com.st.stm32cube.ide.mcu.externaltools.gnu-tools-for-stm32.13.3.rel1.win32_1.0.0.202411081344/tools/bin/../lib/gcc/arm-none-eabi/13.3.1/../../../../arm-none-eabi/lib/thumb/v7e-m+fp/hard/crt0.o
LOAD ./Core/Src/main.o
LOAD ./Core/Src/stm32l4xx_hal_msp.o
LOAD ./Core/Src/stm32l4xx_it.o
LOAD ./Core/Src/syscalls.o
LOAD ./Core/Src/sysmem.o
LOAD ./Core/Src/system_stm32l4xx.o
LOAD ./Core/Startup/startup_stm32l4s5vitx.o
LOAD ./Drivers/STM32L4xx_HAL_Driver/Src/stm32l4xx_hal.o
LOAD ./Drivers/STM32L4xx_HAL_Driver/Src/stm32l4xx_hal_cortex.o
LOAD ./Drivers/STM32L4xx_HAL_Driver/Src/stm32l4xx_hal_dma.o
LOAD ./Drivers/STM32L4xx_HAL_Driver/Src/stm32l4xx_hal_dma_ex.o
LOAD ./Drivers/STM32L4xx_HAL_Driver/Src/stm32l4xx_hal_exti.o
LOAD ./Drivers/STM32L4xx_HAL_Driver/Src/stm32l4xx_hal_flash.o
LOAD ./Drivers/STM32L4xx_HAL_Driver/Src/stm32l4xx_hal_flash_ex.o
LOAD ./Drivers/STM32L4xx_HAL_Driver/Src/stm32l4xx_hal_flash_ramfunc.o
LOAD ./Drivers/STM32L4xx_HAL_Driver/Src/stm32l4xx_hal_gpio.o
LOAD ./Drivers/STM32L4xx_HAL_Driver/Src/stm32l4xx_hal_i2c.o
LOAD ./Drivers/STM32L4xx_HAL_Driver/Src/stm32l4xx_hal_i2c_ex.o
LOAD ./Drivers/STM32L4xx_HAL_Driver/Src/stm32l4xx_hal_pwr.o
LOAD ./Drivers/STM32L4xx_HAL_Driver/Src/stm32l4xx_hal_pwr_ex.o
LOAD ./Drivers/STM32L4xx_HAL_Driver/Src/stm32l4xx_hal_rcc.o
LOAD ./Drivers/STM32L4xx_HAL_Driver/Src/stm32l4xx_hal_rcc_ex.o
LOAD ./Drivers/STM32L4xx_HAL_Driver/Src/stm32l4xx_hal_uart.o
LOAD ./Drivers/STM32L4xx_HAL_Driver/Src/stm32l4xx_hal_uart_ex.o
LOAD ./X-CUBE-AI/App/network.o
LOAD ./X-CUBE-AI/App/network_data.o
LOAD ./X-CUBE-AI/App/network_data_params.o
LOAD ../Middlewares/ST/AI/Lib\NetworkRuntime1020_CM4_GCC.a
START GROUP
LOAD C:/ST/STM32CubeIDE_1.19.0/STM32CubeIDE/plugins/com.st.stm32cube.ide.mcu.externaltools.gnu-tools-for-stm32.13.3.rel1.win32_1.0.0.202411081344/tools/bin/../lib/gcc/arm-none-eabi/13.3.1/../../../../arm-none-eabi/lib/thumb/v7e-m+fp/hard\libc_nano.a
LOAD C:/ST/STM32CubeIDE_1.19.0/STM32CubeIDE/plugins/com.st.stm32cube.ide.mcu.externaltools.gnu-tools-for-stm32.13.3.rel1.win32_1.0.0.202411081344/tools/bin/../lib/gcc/arm-none-eabi/13.3.1/../../../../arm-none-eabi/lib/thumb/v7e-m+fp/hard\libm.a
END GROUP
START GROUP
LOAD C:/ST/STM32CubeIDE_1.19.0/STM32CubeIDE/plugins/com.st.stm32cube.ide.mcu.externaltools.gnu-tools-for-stm32.13.3.rel1.win32_1.0.0.202411081344/tools/bin/../lib/gcc/arm-none-eabi/13.3.1/thumb/v7e-m+fp/hard\libgcc.a
LOAD C:/ST/STM32CubeIDE_1.19.0/STM32CubeIDE/plugins/com.st.stm32cube.ide.mcu.externaltools.gnu-tools-for-stm32.13.3.rel1.win32_1.0.0.202411081344/tools/bin/../lib/gcc/arm-none-eabi/13.3.1/../../../../arm-none-eabi/lib/thumb/v7e-m+fp/hard\libc_nano.a
END GROUP
START GROUP
LOAD C:/ST/STM32CubeIDE_1.19.0/STM32CubeIDE/plugins/com.st.stm32cube.ide.mcu.externaltools.gnu-tools-for-stm32.13.3.rel1.win32_1.0.0.202411081344/tools/bin/../lib/gcc/arm-none-eabi/13.3.1/thumb/v7e-m+fp/hard\libgcc.a
LOAD C:/ST/STM32CubeIDE_1.19.0/STM32CubeIDE/plugins/com.st.stm32cube.ide.mcu.externaltools.gnu-tools-for-stm32.13.3.rel1.win32_1.0.0.202411081344/tools/bin/../lib/gcc/arm-none-eabi/13.3.1/../../../../arm-none-eabi/lib/thumb/v7e-m+fp/hard\libc_nano.a
LOAD C:/ST/STM32CubeIDE_1.19.0/STM32CubeIDE/plugins/com.st.stm32cube.ide.mcu.externaltools.gnu-tools-for-stm32.13.3.rel1.win32_1.0.0.202411081344/tools/bin/../lib/gcc/arm-none-eabi/13.3.1/../../../../arm-none-eabi/lib/thumb/v7e-m+fp/hard\libnosys.a
END GROUP
START GROUP
LOAD C:/ST/STM32CubeIDE_1.19.0/STM32CubeIDE/plugins/com.st.stm32cube.ide.mcu.externaltools.gnu-tools-for-stm32.13.3.rel1.win32_1.0.0.202411081344/tools/bin/../lib/gcc/arm-none-eabi/13.3.1/thumb/v7e-m+fp/hard\libgcc.a
LOAD C:/ST/STM32CubeIDE_1.19.0/STM32CubeIDE/plugins/com.st.stm32cube.ide.mcu.externaltools.gnu-tools-for-stm32.13.3.rel1.win32_1.0.0.202411081344/tools/bin/../lib/gcc/arm-none-eabi/13.3.1/../../../../arm-none-eabi/lib/thumb/v7e-m+fp/hard\libc_nano.a
LOAD C:/ST/STM32CubeIDE_1.19.0/STM32CubeIDE/plugins/com.st.stm32cube.ide.mcu.externaltools.gnu-tools-for-stm32.13.3.rel1.win32_1.0.0.202411081344/tools/bin/../lib/gcc/arm-none-eabi/13.3.1/../../../../arm-none-eabi/lib/thumb/v7e-m+fp/hard\libnosys.a
END GROUP
LOAD C:/ST/STM32CubeIDE_1.19.0/STM32CubeIDE/plugins/com.st.stm32cube.ide.mcu.externaltools.gnu-tools-for-stm32.13.3.rel1.win32_1.0.0.202411081344/tools/bin/../lib/gcc/arm-none-eabi/13.3.1/thumb/v7e-m+fp/hard/crtend.o
LOAD C:/ST/STM32CubeIDE_1.19.0/STM32CubeIDE/plugins/com.st.stm32cube.ide.mcu.externaltools.gnu-tools-for-stm32.13.3.rel1.win32_1.0.0.202411081344/tools/bin/../lib/gcc/arm-none-eabi/13.3.1/thumb/v7e-m+fp/hard/crtn.o
                0x200a0000                        _estack = (ORIGIN (RAM) + LENGTH (RAM))
                0x00000800                        _Min_Heap_Size = 0x800
                0x00000800                        _Min_Stack_Size = 0x800

.isr_vector     0x08000000      0x1bc
                0x08000000                        . = ALIGN (0x4)
 *(.isr_vector)
 .isr_vector    0x08000000      0x1bc ./Core/Startup/startup_stm32l4s5vitx.o
                0x08000000                g_pfnVectors
                0x080001bc                        . = ALIGN (0x4)

.text           0x080001bc      0x1a0
                0x080001bc                        . = ALIGN (0x4)
 *(.text)
 .text          0x080001bc       0x40 C:/ST/STM32CubeIDE_1.19.0/STM32CubeIDE/plugins/com.st.stm32cube.ide.mcu.externaltools.gnu-tools-for-stm32.13.3.rel1.win32_1.0.0.202411081344/tools/bin/../lib/gcc/arm-none-eabi/13.3.1/thumb/v7e-m+fp/hard/crtbegin.o
 *(.text*)
 .text.NMI_Handler
                0x080001fc        0x8 ./Core/Src/stm32l4xx_it.o
                0x080001fc                NMI_Handler
 .text.HardFault_Handler
                0x08000204        0x8 ./Core/Src/stm32l4xx_it.o
                0x08000204                HardFault_Handler
 .text.MemManage_Handler
                0x0800020c        0x8 ./Core/Src/stm32l4xx_it.o
                0x0800020c                MemManage_Handler
 .text.BusFault_Handler
                0x08000214        0x8 ./Core/Src/stm32l4xx_it.o
                0x08000214                BusFault_Handler
 .text.UsageFault_Handler
                0x0800021c        0x8 ./Core/Src/stm32l4xx_it.o
                0x0800021c                UsageFault_Handler
 .text.SVC_Handler
                0x08000224        0xe ./Core/Src/stm32l4xx_it.o
                0x08000224                SVC_Handler
 .text.DebugMon_Handler
                0x08000232        0xe ./Core/Src/stm32l4xx_it.o
                0x08000232                DebugMon_Handler
 .text.PendSV_Handler
                0x08000240        0xe ./Core/Src/stm32l4xx_it.o
                0x08000240                PendSV_Handler
 .text.SysTick_Handler
                0x0800024e        0xc ./Core/Src/stm32l4xx_it.o
                0x0800024e                SysTick_Handler
 *fill*         0x0800025a        0x2 
 .text.SystemInit
                0x0800025c       0x24 ./Core/Src/system_stm32l4xx.o
                0x0800025c                SystemInit
 .text.Reset_Handler
                0x08000280       0x50 ./Core/Startup/startup_stm32l4s5vitx.o
                0x08000280                Reset_Handler
 .text.Default_Handler
                0x080002d0        0x2 ./Core/Startup/startup_stm32l4s5vitx.o
                0x080002d0                RTC_Alarm_IRQHandler
                0x080002d0                EXTI2_IRQHandler
                0x080002d0                TIM8_TRG_COM_IRQHandler
                0x080002d0                TIM8_CC_IRQHandler
                0x080002d0                TIM1_CC_IRQHandler
                0x080002d0                TSC_IRQHandler
                0x080002d0                TAMP_STAMP_IRQHandler
                0x080002d0                EXTI3_IRQHandler
                0x080002d0                LPTIM2_IRQHandler
                0x080002d0                DFSDM1_FLT1_IRQHandler
                0x080002d0                GFXMMU_IRQHandler
                0x080002d0                I2C3_ER_IRQHandler
                0x080002d0                DFSDM1_FLT2_IRQHandler
                0x080002d0                EXTI0_IRQHandler
                0x080002d0                I2C2_EV_IRQHandler
                0x080002d0                CAN1_RX0_IRQHandler
                0x080002d0                FPU_IRQHandler
                0x080002d0                TIM1_UP_TIM16_IRQHandler
                0x080002d0                LTDC_ER_IRQHandler
                0x080002d0                SPI1_IRQHandler
                0x080002d0                OCTOSPI1_IRQHandler
                0x080002d0                TIM6_DAC_IRQHandler
                0x080002d0                DCMI_IRQHandler
                0x080002d0                TIM8_UP_IRQHandler
                0x080002d0                OCTOSPI2_IRQHandler
                0x080002d0                DMA2_Channel2_IRQHandler
                0x080002d0                DMA1_Channel4_IRQHandler
                0x080002d0                SAI2_IRQHandler
                0x080002d0                ADC1_IRQHandler
                0x080002d0                DFSDM1_FLT3_IRQHandler
                0x080002d0                USART3_IRQHandler
                0x080002d0                DMA1_Channel7_IRQHandler
                0x080002d0                CAN1_RX1_IRQHandler
                0x080002d0                UART5_IRQHandler
                0x080002d0                TIM4_IRQHandler
                0x080002d0                DMA2_Channel1_IRQHandler
                0x080002d0                I2C1_EV_IRQHandler
                0x080002d0                DMAMUX1_OVR_IRQHandler
                0x080002d0                DMA1_Channel6_IRQHandler
                0x080002d0                UART4_IRQHandler
                0x080002d0                DMA2_Channel4_IRQHandler
                0x080002d0                TIM3_IRQHandler
                0x080002d0                RCC_IRQHandler
                0x080002d0                DMA1_Channel1_IRQHandler
                0x080002d0                Default_Handler
                0x080002d0                DMA2_Channel7_IRQHandler
                0x080002d0                EXTI15_10_IRQHandler
                0x080002d0                TIM7_IRQHandler
                0x080002d0                SDMMC1_IRQHandler
                0x080002d0                TIM5_IRQHandler
                0x080002d0                I2C3_EV_IRQHandler
                0x080002d0                EXTI9_5_IRQHandler
                0x080002d0                RTC_WKUP_IRQHandler
                0x080002d0                LTDC_IRQHandler
                0x080002d0                PVD_PVM_IRQHandler
                0x080002d0                SPI2_IRQHandler
                0x080002d0                CAN1_TX_IRQHandler
                0x080002d0                DMA2_Channel5_IRQHandler
                0x080002d0                DMA1_Channel5_IRQHandler
                0x080002d0                EXTI4_IRQHandler
                0x080002d0                RNG_IRQHandler
                0x080002d0                TIM1_TRG_COM_TIM17_IRQHandler
                0x080002d0                DMA1_Channel3_IRQHandler
                0x080002d0                COMP_IRQHandler
                0x080002d0                HASH_CRS_IRQHandler
                0x080002d0                WWDG_IRQHandler
                0x080002d0                I2C4_EV_IRQHandler
                0x080002d0                LPUART1_IRQHandler
                0x080002d0                DMA2_Channel6_IRQHandler
                0x080002d0                TIM2_IRQHandler
                0x080002d0                DMA2D_IRQHandler
                0x080002d0                EXTI1_IRQHandler
                0x080002d0                AES_IRQHandler
                0x080002d0                USART2_IRQHandler
                0x080002d0                DFSDM1_FLT0_IRQHandler
                0x080002d0                I2C2_ER_IRQHandler
                0x080002d0                DMA1_Channel2_IRQHandler
                0x080002d0                TIM8_BRK_IRQHandler
                0x080002d0                CAN1_SCE_IRQHandler
                0x080002d0                FLASH_IRQHandler
                0x080002d0                USART1_IRQHandler
                0x080002d0                OTG_FS_IRQHandler
                0x080002d0                SPI3_IRQHandler
                0x080002d0                I2C1_ER_IRQHandler
                0x080002d0                FMC_IRQHandler
                0x080002d0                LPTIM1_IRQHandler
                0x080002d0                I2C4_ER_IRQHandler
                0x080002d0                SAI1_IRQHandler
                0x080002d0                DMA2_Channel3_IRQHandler
                0x080002d0                TIM1_BRK_TIM15_IRQHandler
 *fill*         0x080002d2        0x2 
 .text.HAL_IncTick
                0x080002d4       0x28 ./Drivers/STM32L4xx_HAL_Driver/Src/stm32l4xx_hal.o
                0x080002d4                HAL_IncTick
 .text.__libc_init_array
                0x080002fc       0x48 C:/ST/STM32CubeIDE_1.19.0/STM32CubeIDE/plugins/com.st.stm32cube.ide.mcu.externaltools.gnu-tools-for-stm32.13.3.rel1.win32_1.0.0.202411081344/tools/bin/../lib/gcc/arm-none-eabi/13.3.1/../../../../arm-none-eabi/lib/thumb/v7e-m+fp/hard\libc_nano.a(libc_a-init.o)
                0x080002fc                __libc_init_array
 *(.glue_7)
 .glue_7        0x08000344        0x0 linker stubs
 *(.glue_7t)
 .glue_7t       0x08000344        0x0 linker stubs
 *(.eh_frame)
 .eh_frame      0x08000344        0x0 C:/ST/STM32CubeIDE_1.19.0/STM32CubeIDE/plugins/com.st.stm32cube.ide.mcu.externaltools.gnu-tools-for-stm32.13.3.rel1.win32_1.0.0.202411081344/tools/bin/../lib/gcc/arm-none-eabi/13.3.1/thumb/v7e-m+fp/hard/crtbegin.o
 *(.init)
 .init          0x08000344        0x4 C:/ST/STM32CubeIDE_1.19.0/STM32CubeIDE/plugins/com.st.stm32cube.ide.mcu.externaltools.gnu-tools-for-stm32.13.3.rel1.win32_1.0.0.202411081344/tools/bin/../lib/gcc/arm-none-eabi/13.3.1/thumb/v7e-m+fp/hard/crti.o
                0x08000344                _init
 .init          0x08000348        0x8 C:/ST/STM32CubeIDE_1.19.0/STM32CubeIDE/plugins/com.st.stm32cube.ide.mcu.externaltools.gnu-tools-for-stm32.13.3.rel1.win32_1.0.0.202411081344/tools/bin/../lib/gcc/arm-none-eabi/13.3.1/thumb/v7e-m+fp/hard/crtn.o
 *(.fini)
 .fini          0x08000350        0x4 C:/ST/STM32CubeIDE_1.19.0/STM32CubeIDE/plugins/com.st.stm32cube.ide.mcu.externaltools.gnu-tools-for-stm32.13.3.rel1.win32_1.0.0.202411081344/tools/bin/../lib/gcc/arm-none-eabi/13.3.1/thumb/v7e-m+fp/hard/crti.o
                0x08000350                _fini
 .fini          0x08000354        0x8 C:/ST/STM32CubeIDE_1.19.0/STM32CubeIDE/plugins/com.st.stm32cube.ide.mcu.externaltools.gnu-tools-for-stm32.13.3.rel1.win32_1.0.0.202411081344/tools/bin/../lib/gcc/arm-none-eabi/13.3.1/thumb/v7e-m+fp/hard/crtn.o
                0x0800035c                        . = ALIGN (0x4)
                0x0800035c                        _etext = .

.vfp11_veneer   0x0800035c        0x0
 .vfp11_veneer  0x0800035c        0x0 linker stubs

.v4_bx          0x0800035c        0x0
 .v4_bx         0x0800035c        0x0 linker stubs

.iplt           0x0800035c        0x0
 .iplt          0x0800035c        0x0 C:/ST/STM32CubeIDE_1.19.0/STM32CubeIDE/plugins/com.st.stm32cube.ide.mcu.externaltools.gnu-tools-for-stm32.13.3.rel1.win32_1.0.0.202411081344/tools/bin/../lib/gcc/arm-none-eabi/13.3.1/thumb/v7e-m+fp/hard/crtbegin.o

.rodata         0x0800035c        0x0
                0x0800035c                        . = ALIGN (0x4)
 *(.rodata)
 *(.rodata*)
                0x0800035c                        . = ALIGN (0x4)

.ARM.extab      0x0800035c        0x0
                0x0800035c                        . = ALIGN (0x4)
 *(.ARM.extab* .gnu.linkonce.armextab.*)
                0x0800035c                        . = ALIGN (0x4)

.ARM            0x0800035c        0x0
                0x0800035c                        . = ALIGN (0x4)
                0x0800035c                        __exidx_start = .
 *(.ARM.exidx*)
                0x0800035c                        __exidx_end = .
                0x0800035c                        . = ALIGN (0x4)

.preinit_array  0x0800035c        0x0
                0x0800035c                        . = ALIGN (0x4)
                0x0800035c                        PROVIDE (__preinit_array_start = .)
 *(.preinit_array*)
                0x0800035c                        PROVIDE (__preinit_array_end = .)
                0x0800035c                        . = ALIGN (0x4)

.init_array     0x0800035c        0x4
                0x0800035c                        . = ALIGN (0x4)
                0x0800035c                        PROVIDE (__init_array_start = .)
 *(SORT_BY_NAME(.init_array.*))
 *(.init_array*)
 .init_array    0x0800035c        0x4 C:/ST/STM32CubeIDE_1.19.0/STM32CubeIDE/plugins/com.st.stm32cube.ide.mcu.externaltools.gnu-tools-for-stm32.13.3.rel1.win32_1.0.0.202411081344/tools/bin/../lib/gcc/arm-none-eabi/13.3.1/thumb/v7e-m+fp/hard/crtbegin.o
                0x08000360                        PROVIDE (__init_array_end = .)
                0x08000360                        . = ALIGN (0x4)

.fini_array     0x08000360        0x4
                0x08000360                        . = ALIGN (0x4)
                [!provide]                        PROVIDE (__fini_array_start = .)
 *(SORT_BY_NAME(.fini_array.*))
 *(.fini_array*)
 .fini_array    0x08000360        0x4 C:/ST/STM32CubeIDE_1.19.0/STM32CubeIDE/plugins/com.st.stm32cube.ide.mcu.externaltools.gnu-tools-for-stm32.13.3.rel1.win32_1.0.0.202411081344/tools/bin/../lib/gcc/arm-none-eabi/13.3.1/thumb/v7e-m+fp/hard/crtbegin.o
                [!provide]                        PROVIDE (__fini_array_end = .)
                0x08000364                        . = ALIGN (0x4)
                0x08000364                        _sidata = LOADADDR (.data)

.rel.dyn        0x08000364        0x0
 .rel.iplt      0x08000364        0x0 C:/ST/STM32CubeIDE_1.19.0/STM32CubeIDE/plugins/com.st.stm32cube.ide.mcu.externaltools.gnu-tools-for-stm32.13.3.rel1.win32_1.0.0.202411081344/tools/bin/../lib/gcc/arm-none-eabi/13.3.1/thumb/v7e-m+fp/hard/crtbegin.o

.data           0x20000000        0x4 load address 0x08000364
                0x20000000                        . = ALIGN (0x4)
                0x20000000                        _sdata = .
 *(.data)
 *(.data*)
 .data.uwTickFreq
                0x20000000        0x1 ./Drivers/STM32L4xx_HAL_Driver/Src/stm32l4xx_hal.o
                0x20000000                uwTickFreq
 *(.RamFunc)
 *(.RamFunc*)
                0x20000004                        . = ALIGN (0x4)
 *fill*         0x20000001        0x3 
                0x20000004                        _edata = .

.igot.plt       0x20000004        0x0 load address 0x08000368
 .igot.plt      0x20000004        0x0 C:/ST/STM32CubeIDE_1.19.0/STM32CubeIDE/plugins/com.st.stm32cube.ide.mcu.externaltools.gnu-tools-for-stm32.13.3.rel1.win32_1.0.0.202411081344/tools/bin/../lib/gcc/arm-none-eabi/13.3.1/thumb/v7e-m+fp/hard/crtbegin.o
                0x20000004                        . = ALIGN (0x4)

.bss            0x20000004       0x20 load address 0x08000368
                0x20000004                        _sbss = .
                0x20000004                        __bss_start__ = _sbss
 *(.bss)
 .bss           0x20000004       0x1c C:/ST/STM32CubeIDE_1.19.0/STM32CubeIDE/plugins/com.st.stm32cube.ide.mcu.externaltools.gnu-tools-for-stm32.13.3.rel1.win32_1.0.0.202411081344/tools/bin/../lib/gcc/arm-none-eabi/13.3.1/thumb/v7e-m+fp/hard/crtbegin.o
 *(.bss*)
 .bss.uwTick    0x20000020        0x4 ./Drivers/STM32L4xx_HAL_Driver/Src/stm32l4xx_hal.o
                0x20000020                uwTick
 *(COMMON)
                0x20000024                        . = ALIGN (0x4)
                0x20000024                        _ebss = .
                0x20000024                        __bss_end__ = _ebss

._user_heap_stack
                0x20000024     0x1004 load address 0x08000368
                0x20000028                        . = ALIGN (0x8)
 *fill*         0x20000024        0x4 
                [!provide]                        PROVIDE (end = .)
                0x20000028                        PROVIDE (_end = .)
                0x20000828                        . = (. + _Min_Heap_Size)
 *fill*         0x20000028      0x800 
                0x20001028                        . = (. + _Min_Stack_Size)
 *fill*         0x20000828      0x800 
                0x20001028                        . = ALIGN (0x8)

/DISCARD/
 libc.a(*)
 libm.a(*)
 libgcc.a(*)

.ARM.attributes
                0x00000000       0x30
 *(.ARM.attributes)
 .ARM.attributes
                0x00000000       0x22 C:/ST/STM32CubeIDE_1.19.0/STM32CubeIDE/plugins/com.st.stm32cube.ide.mcu.externaltools.gnu-tools-for-stm32.13.3.rel1.win32_1.0.0.202411081344/tools/bin/../lib/gcc/arm-none-eabi/13.3.1/thumb/v7e-m+fp/hard/crti.o
 .ARM.attributes
                0x00000022       0x34 C:/ST/STM32CubeIDE_1.19.0/STM32CubeIDE/plugins/com.st.stm32cube.ide.mcu.externaltools.gnu-tools-for-stm32.13.3.rel1.win32_1.0.0.202411081344/tools/bin/../lib/gcc/arm-none-eabi/13.3.1/thumb/v7e-m+fp/hard/crtbegin.o
 .ARM.attributes
                0x00000056       0x34 ./Core/Src/stm32l4xx_it.o
 .ARM.attributes
                0x0000008a       0x34 ./Core/Src/system_stm32l4xx.o
 .ARM.attributes
                0x000000be       0x21 ./Core/Startup/startup_stm32l4s5vitx.o
 .ARM.attributes
                0x000000df       0x34 ./Drivers/STM32L4xx_HAL_Driver/Src/stm32l4xx_hal.o
 .ARM.attributes
                0x00000113       0x34 C:/ST/STM32CubeIDE_1.19.0/STM32CubeIDE/plugins/com.st.stm32cube.ide.mcu.externaltools.gnu-tools-for-stm32.13.3.rel1.win32_1.0.0.202411081344/tools/bin/../lib/gcc/arm-none-eabi/13.3.1/../../../../arm-none-eabi/lib/thumb/v7e-m+fp/hard\libc_nano.a(libc_a-init.o)
 .ARM.attributes
                0x00000147       0x22 C:/ST/STM32CubeIDE_1.19.0/STM32CubeIDE/plugins/com.st.stm32cube.ide.mcu.externaltools.gnu-tools-for-stm32.13.3.rel1.win32_1.0.0.202411081344/tools/bin/../lib/gcc/arm-none-eabi/13.3.1/thumb/v7e-m+fp/hard/crtn.o
OUTPUT(Interface_OnBoard_IMU.elf elf32-littlearm)
LOAD linker stubs
LOAD C:/ST/STM32CubeIDE_1.19.0/STM32CubeIDE/plugins/com.st.stm32cube.ide.mcu.externaltools.gnu-tools-for-stm32.13.3.rel1.win32_1.0.0.202411081344/tools/bin/../lib/gcc/arm-none-eabi/13.3.1/../../../../arm-none-eabi/lib/thumb/v7e-m+fp/hard\libc.a
LOAD C:/ST/STM32CubeIDE_1.19.0/STM32CubeIDE/plugins/com.st.stm32cube.ide.mcu.externaltools.gnu-tools-for-stm32.13.3.rel1.win32_1.0.0.202411081344/tools/bin/../lib/gcc/arm-none-eabi/13.3.1/../../../../arm-none-eabi/lib/thumb/v7e-m+fp/hard\libm.a
LOAD C:/ST/STM32CubeIDE_1.19.0/STM32CubeIDE/plugins/com.st.stm32cube.ide.mcu.externaltools.gnu-tools-for-stm32.13.3.rel1.win32_1.0.0.202411081344/tools/bin/../lib/gcc/arm-none-eabi/13.3.1/thumb/v7e-m+fp/hard\libgcc.a

.debug_info     0x00000000     0x1332
 .debug_info    0x00000000      0x157 ./Core/Src/stm32l4xx_it.o
 .debug_info    0x00000157      0x61a ./Core/Src/system_stm32l4xx.o
 .debug_info    0x00000771       0x30 ./Core/Startup/startup_stm32l4s5vitx.o
 .debug_info    0x000007a1      0xb91 ./Drivers/STM32L4xx_HAL_Driver/Src/stm32l4xx_hal.o

.debug_abbrev   0x00000000      0x42a
 .debug_abbrev  0x00000000       0xac ./Core/Src/stm32l4xx_it.o
 .debug_abbrev  0x000000ac      0x117 ./Core/Src/system_stm32l4xx.o
 .debug_abbrev  0x000001c3       0x24 ./Core/Startup/startup_stm32l4s5vitx.o
 .debug_abbrev  0x000001e7      0x243 ./Drivers/STM32L4xx_HAL_Driver/Src/stm32l4xx_hal.o

.debug_aranges  0x00000000      0x1e0
 .debug_aranges
                0x00000000       0x60 ./Core/Src/stm32l4xx_it.o
 .debug_aranges
                0x00000060       0x28 ./Core/Src/system_stm32l4xx.o
 .debug_aranges
                0x00000088       0x28 ./Core/Startup/startup_stm32l4s5vitx.o
 .debug_aranges
                0x000000b0      0x130 ./Drivers/STM32L4xx_HAL_Driver/Src/stm32l4xx_hal.o

.debug_rnglists
                0x00000000      0x155
 .debug_rnglists
                0x00000000       0x43 ./Core/Src/stm32l4xx_it.o
 .debug_rnglists
                0x00000043       0x1a ./Core/Src/system_stm32l4xx.o
 .debug_rnglists
                0x0000005d       0x19 ./Core/Startup/startup_stm32l4s5vitx.o
 .debug_rnglists
                0x00000076       0xdf ./Drivers/STM32L4xx_HAL_Driver/Src/stm32l4xx_hal.o

.debug_macro    0x00000000      0x635
 .debug_macro   0x00000000      0x205 ./Core/Src/stm32l4xx_it.o
 .debug_macro   0x00000205      0x1f1 ./Core/Src/system_stm32l4xx.o
 .debug_macro   0x000003f6      0x23f ./Drivers/STM32L4xx_HAL_Driver/Src/stm32l4xx_hal.o

.debug_line     0x00000000     0x1c7d
 .debug_line    0x00000000      0x83f ./Core/Src/stm32l4xx_it.o
 .debug_line    0x0000083f      0x82e ./Core/Src/system_stm32l4xx.o
 .debug_line    0x0000106d       0x7a ./Core/Startup/startup_stm32l4s5vitx.o
 .debug_line    0x000010e7      0xb96 ./Drivers/STM32L4xx_HAL_Driver/Src/stm32l4xx_hal.o

.debug_str      0x00000000   0x10034e
 .debug_str     0x00000000   0x10034e ./Core/Src/stm32l4xx_it.o
                              0xff804 (size before relaxing)
 .debug_str     0x0010034e    0xff99f ./Core/Src/system_stm32l4xx.o
 .debug_str     0x0010034e       0x83 ./Core/Startup/startup_stm32l4s5vitx.o
 .debug_str     0x0010034e   0x100592 ./Drivers/STM32L4xx_HAL_Driver/Src/stm32l4xx_hal.o

.comment        0x00000000       0x43
 .comment       0x00000000       0x43 ./Core/Src/stm32l4xx_it.o
                                 0x44 (size before relaxing)
 .comment       0x00000043       0x44 ./Core/Src/system_stm32l4xx.o
 .comment       0x00000043       0x44 ./Drivers/STM32L4xx_HAL_Driver/Src/stm32l4xx_hal.o

.debug_frame    0x00000000      0x620
 .debug_frame   0x00000000      0x104 ./Core/Src/stm32l4xx_it.o
 .debug_frame   0x00000104       0x58 ./Core/Src/system_stm32l4xx.o
 .debug_frame   0x0000015c      0x498 ./Drivers/STM32L4xx_HAL_Driver/Src/stm32l4xx_hal.o
 .debug_frame   0x000005f4       0x2c C:/ST/STM32CubeIDE_1.19.0/STM32CubeIDE/plugins/com.st.stm32cube.ide.mcu.externaltools.gnu-tools-for-stm32.13.3.rel1.win32_1.0.0.202411081344/tools/bin/../lib/gcc/arm-none-eabi/13.3.1/../../../../arm-none-eabi/lib/thumb/v7e-m+fp/hard\libc_nano.a(libc_a-init.o)

.debug_line_str
                0x00000000       0x67
 .debug_line_str
                0x00000000       0x67 ./Core/Startup/startup_stm32l4s5vitx.o
